../Core/Src/main.c:130:6:delayMicroseconds	16	static
../Core/Src/main.c:138:6:HAL_GPIO_EXTI_Callback	16	static
../Core/Src/main.c:151:7:convertirTemperatura	24	static
../Core/Src/main.c:154:7:readTemperature	16	static
../Core/Src/main.c:169:7:readUltrasonicDistance1	24	static
../Core/Src/main.c:194:7:readUltrasonicDistance2	24	static
../Core/Src/main.c:220:6:moveMotor1	8	static
../Core/Src/main.c:226:6:moveMotor2	8	static
../Core/Src/main.c:232:6:toggleLEDs	16	static
../Core/Src/main.c:241:6:handleEmergency	8	static
../Core/Src/main.c:262:6:process	24	static
../Core/Src/main.c:332:6:seleccionaTemp	8	static
../Core/Src/main.c:387:5:main	8	static
../Core/Src/main.c:460:6:SystemClock_Config	88	static
../Core/Src/main.c:506:13:MX_ADC1_Init	24	static
../Core/Src/main.c:558:13:MX_I2C1_Init	8	static
../Core/Src/main.c:592:13:MX_TIM2_Init	64	static
../Core/Src/main.c:651:13:MX_TIM3_Init	64	static
../Core/Src/main.c:710:13:MX_TIM4_Init	48	static
../Core/Src/main.c:768:13:MX_TIM5_Init	48	static
../Core/Src/main.c:826:13:MX_USART1_UART_Init	8	static
../Core/Src/main.c:857:13:MX_DMA_Init	16	static
../Core/Src/main.c:875:13:MX_GPIO_Init	56	static
../Core/Src/main.c:975:6:Error_Handler	4	static,ignoring_inline_asm
