../Core/Src/main.c:142:6:delayMicroseconds	16	static
../Core/Src/main.c:150:6:HAL_GPIO_EXTI_Callback	16	static
../Core/Src/main.c:167:7:convertirTemperatura	24	static
../Core/Src/main.c:170:7:readTemperature	16	static
../Core/Src/main.c:185:7:readUltrasonicDistance1	24	static
../Core/Src/main.c:210:7:readUltrasonicDistance2	24	static
../Core/Src/main.c:236:6:moveMotor1	8	static
../Core/Src/main.c:242:6:moveMotor2	8	static
../Core/Src/main.c:248:6:toggleLEDs	16	static
../Core/Src/main.c:257:6:handleEmergency	8	static
../Core/Src/main.c:279:6:process	24	static
../Core/Src/main.c:358:6:process2	24	static
../Core/Src/main.c:431:5:seleccionaTemp	8	static
../Core/Src/main.c:485:5:main	8	static
../Core/Src/main.c:624:6:SystemClock_Config	88	static
../Core/Src/main.c:670:13:MX_ADC1_Init	24	static
../Core/Src/main.c:722:13:MX_I2C1_Init	8	static
../Core/Src/main.c:756:13:MX_TIM2_Init	64	static
../Core/Src/main.c:815:13:MX_TIM3_Init	64	static
../Core/Src/main.c:874:13:MX_TIM4_Init	48	static
../Core/Src/main.c:932:13:MX_TIM5_Init	48	static
../Core/Src/main.c:990:13:MX_USART1_UART_Init	8	static
../Core/Src/main.c:1021:13:MX_DMA_Init	16	static
../Core/Src/main.c:1039:13:MX_GPIO_Init	56	static
../Core/Src/main.c:1139:6:Error_Handler	4	static,ignoring_inline_asm
