../Core/Src/main.c:99:6:delayMicroseconds	16	static
../Core/Src/main.c:110:6:HAL_GPIO_EXTI_Callback	16	static
../Core/Src/main.c:115:7:readUltrasonicDistance1	24	static
../Core/Src/main.c:140:7:readUltrasonicDistance2	24	static
../Core/Src/main.c:166:6:moveMotor1	8	static
../Core/Src/main.c:172:6:moveMotor2	8	static
../Core/Src/main.c:178:6:toggleLEDs	16	static
../Core/Src/main.c:187:6:handleEmergency	8	static
../Core/Src/main.c:204:6:process	24	static
../Core/Src/main.c:354:5:main	8	static
../Core/Src/main.c:409:6:SystemClock_Config	88	static
../Core/Src/main.c:456:13:MX_TIM2_Init	64	static
../Core/Src/main.c:515:13:MX_TIM3_Init	64	static
../Core/Src/main.c:574:13:MX_TIM4_Init	48	static
../Core/Src/main.c:632:13:MX_TIM5_Init	48	static
../Core/Src/main.c:690:13:MX_GPIO_Init	48	static
../Core/Src/main.c:767:6:Error_Handler	4	static,ignoring_inline_asm
