../Core/Src/main.c:130:6:delayMicroseconds	16	static
../Core/Src/main.c:138:6:HAL_GPIO_EXTI_Callback	16	static
../Core/Src/main.c:151:7:convertirTemperatura	24	static
../Core/Src/main.c:154:7:readTemperature	16	static
../Core/Src/main.c:169:7:readUltrasonicDistance1	24	static
../Core/Src/main.c:194:7:readUltrasonicDistance2	24	static
../Core/Src/main.c:220:6:moveMotor1	8	static
../Core/Src/main.c:226:6:moveMotor2	8	static
../Core/Src/main.c:232:6:toggleLEDs	16	static
../Core/Src/main.c:241:6:handleEmergency	8	static
../Core/Src/main.c:262:6:process	24	static
../Core/Src/main.c:337:6:process2	24	static
../Core/Src/main.c:407:5:seleccionaTemp	8	static
../Core/Src/main.c:462:5:main	8	static
../Core/Src/main.c:538:6:SystemClock_Config	88	static
../Core/Src/main.c:584:13:MX_ADC1_Init	24	static
../Core/Src/main.c:636:13:MX_I2C1_Init	8	static
../Core/Src/main.c:670:13:MX_TIM2_Init	64	static
../Core/Src/main.c:729:13:MX_TIM3_Init	64	static
../Core/Src/main.c:788:13:MX_TIM4_Init	48	static
../Core/Src/main.c:846:13:MX_TIM5_Init	48	static
../Core/Src/main.c:904:13:MX_USART1_UART_Init	8	static
../Core/Src/main.c:935:13:MX_DMA_Init	16	static
../Core/Src/main.c:953:13:MX_GPIO_Init	56	static
../Core/Src/main.c:1053:6:Error_Handler	4	static,ignoring_inline_asm
