../Core/Src/main.c:95:6:delayMicroseconds	16	static
../Core/Src/main.c:101:7:readUltrasonicDistance1	24	static
../Core/Src/main.c:126:7:readUltrasonicDistance2	24	static
../Core/Src/main.c:152:6:moveMotor1	8	static
../Core/Src/main.c:162:6:moveMotor2	8	static
../Core/Src/main.c:168:6:toggleLEDs	16	static
../Core/Src/main.c:179:6:process	16	static
../Core/Src/main.c:269:5:main	8	static
../Core/Src/main.c:305:6:SystemClock_Config	88	static
../Core/Src/main.c:352:13:MX_I2C1_Init	8	static
../Core/Src/main.c:386:13:MX_TIM1_Init	32	static
../Core/Src/main.c:432:13:MX_TIM2_Init	64	static
../Core/Src/main.c:491:13:MX_TIM3_Init	64	static
../Core/Src/main.c:550:13:MX_TIM4_Init	48	static
../Core/Src/main.c:608:13:MX_TIM5_Init	48	static
../Core/Src/main.c:666:13:MX_GPIO_Init	48	static
../Core/Src/main.c:733:6:Error_Handler	4	static,ignoring_inline_asm
