../Core/Src/main.c:138:6:delayMicroseconds	16	static
../Core/Src/main.c:146:6:HAL_GPIO_EXTI_Callback	16	static
../Core/Src/main.c:159:7:convertirTemperatura	24	static
../Core/Src/main.c:162:7:readTemperature	16	static
../Core/Src/main.c:177:7:readUltrasonicDistance1	24	static
../Core/Src/main.c:202:7:readUltrasonicDistance2	24	static
../Core/Src/main.c:228:6:moveMotor1	8	static
../Core/Src/main.c:234:6:moveMotor2	8	static
../Core/Src/main.c:240:6:toggleLEDs	16	static
../Core/Src/main.c:249:6:handleEmergency	8	static
../Core/Src/main.c:270:6:process	24	static
../Core/Src/main.c:348:6:process2	24	static
../Core/Src/main.c:418:5:seleccionaTemp	8	static
../Core/Src/main.c:473:5:main	8	static
../Core/Src/main.c:587:6:SystemClock_Config	88	static
../Core/Src/main.c:633:13:MX_ADC1_Init	24	static
../Core/Src/main.c:685:13:MX_I2C1_Init	8	static
../Core/Src/main.c:719:13:MX_TIM2_Init	64	static
../Core/Src/main.c:778:13:MX_TIM3_Init	64	static
../Core/Src/main.c:837:13:MX_TIM4_Init	48	static
../Core/Src/main.c:895:13:MX_TIM5_Init	48	static
../Core/Src/main.c:953:13:MX_USART1_UART_Init	8	static
../Core/Src/main.c:984:13:MX_DMA_Init	16	static
../Core/Src/main.c:1002:13:MX_GPIO_Init	56	static
../Core/Src/main.c:1102:6:Error_Handler	4	static,ignoring_inline_asm
