../Core/Src/main.c:90:6:delayMicroseconds	16	static
../Core/Src/main.c:96:7:readUltrasonicDistance1	24	static
../Core/Src/main.c:121:7:readUltrasonicDistance2	24	static
../Core/Src/main.c:147:6:moveMotor1	8	static
../Core/Src/main.c:153:6:moveMotor2	8	static
../Core/Src/main.c:159:6:toggleLEDs	16	static
../Core/Src/main.c:170:6:process	24	static
../Core/Src/main.c:246:5:main	8	static
../Core/Src/main.c:295:6:SystemClock_Config	88	static
../Core/Src/main.c:342:13:MX_TIM2_Init	64	static
../Core/Src/main.c:401:13:MX_TIM3_Init	64	static
../Core/Src/main.c:460:13:MX_TIM4_Init	48	static
../Core/Src/main.c:518:13:MX_TIM5_Init	48	static
../Core/Src/main.c:576:13:MX_GPIO_Init	48	static
../Core/Src/main.c:636:6:Error_Handler	4	static,ignoring_inline_asm
